Some stuff here 

Instance: c

All Instances: Instance: a Instance: b Instance: c