Some stuff here 

Instance: a

All Instances: Instance: a Instance: b Instance: c