Some stuff here 

Instance: b

All Instances: Instance: a Instance: b Instance: c